 
****************************************
Report : area
Design : cv32e40px_fp_wrapper_FPU_ADDMUL_LAT0
Version: Y-2026.03-SP1
Date   : Sun Aug 16 13:15:17 2026
****************************************

Information: Updating design information... (UID-85)
Library(s) Used:

    sc12mc_cln40g_base_rvt_c40_ss_typical_max_0p81v_125c (File: /2tb/home/oyurtsever/x-heep/dc/sc12mc_cln40g_base_rvt_c40_ss_typical_max_0p81v_125c.db)

Number of ports:                          351
Number of nets:                          8129
Number of cells:                         7524
Number of combinational cells:           7220
Number of sequential cells:               303
Number of macros/black boxes:               0
Number of buf/inv:                       1095
Number of references:                      84

Combinational area:              10942.495239
Buf/Inv area:                      703.836020
Noncombinational area:            1513.008040
Macro/Black Box area:                0.000000
Net Interconnect area:               0.000000

Total cell area:                 12455.503279
Total area:                      12455.503279

Hierarchical area distribution
------------------------------

                                  Global cell area            Local cell area
                                  -------------------  ----------------------------- 
Hierarchical cell                 Absolute    Percent  Combi-      Noncombi-  Black-
                                  Total       Total    national    national   boxes   Design
--------------------------------  ----------  -------  ----------  ---------  ------  ------------------------------------
cv32e40px_fp_wrapper_FPU_ADDMUL_LAT0
                                  12455.5033    100.0   5153.4840  1513.0080  0.0000  cv32e40px_fp_wrapper_FPU_ADDMUL_LAT0
i_fpnew_bulk/gen_operation_groups[0].i_opgroup_block/gen_merged_slice.i_multifmt_slice/gen_num_lanes[0].active_lane.lane_instance.i_fpnew_fma_multi
                                   5789.0112     46.5   5789.0112     0.0000  0.0000  fpnew_fma_multi_10_00000000_1_565242
--------------------------------  ----------  -------  ----------  ---------  ------  ------------------------------------
Total                                                  10942.4952  1513.0080  0.0000

1
