 
****************************************
Report : area
Design : cv32e40px_top_FPU1
Version: S-2021.06-SP5
Date   : Sun Jul  5 10:44:04 2026
****************************************

Library(s) Used:

    sc12mc_cln40g_base_rvt_c40_ss_typical_max_0p81v_125c (File: /2tb/home/oyurtsever/x-heep/dc/sc12mc_cln40g_base_rvt_c40_ss_typical_max_0p81v_125c.db)

Number of ports:                         4412
Number of nets:                         35315
Number of cells:                        32341
Number of combinational cells:          28695
Number of sequential cells:              3641
Number of macros/black boxes:               0
Number of buf/inv:                       5380
Number of references:                     214

Combinational area:              45068.805802
Buf/Inv area:                     3598.341692
Noncombinational area:           20686.075986
Macro/Black Box area:                0.000000
Net Interconnect area:               0.000000

Total cell area:                 65754.881788
Total area:                      65754.881788
1
