 
****************************************
Report : area
Design : cv32e40px_fp_wrapper_FPU_ADDMUL_LAT1
Version: Y-2026.03-SP1
Date   : Sun Aug 16 13:18:01 2026
****************************************

Information: Updating design information... (UID-85)
Library(s) Used:

    sc12mc_cln40g_base_rvt_c40_ss_typical_max_0p81v_125c (File: /2tb/home/oyurtsever/x-heep/dc/sc12mc_cln40g_base_rvt_c40_ss_typical_max_0p81v_125c.db)

Number of ports:                          351
Number of nets:                          8323
Number of cells:                         7698
Number of combinational cells:           7351
Number of sequential cells:               346
Number of macros/black boxes:               0
Number of buf/inv:                       1084
Number of references:                      96

Combinational area:              11191.471248
Buf/Inv area:                      697.452019
Noncombinational area:            1760.068850
Macro/Black Box area:                0.000000
Net Interconnect area:               0.000000

Total cell area:                 12951.540098
Total area:                      12951.540098

Hierarchical area distribution
------------------------------

                                  Global cell area            Local cell area
                                  -------------------  ----------------------------- 
Hierarchical cell                 Absolute    Percent  Combi-      Noncombi-  Black-
                                  Total       Total    national    national   boxes   Design
--------------------------------  ----------  -------  ----------  ---------  ------  ------------------------------------
cv32e40px_fp_wrapper_FPU_ADDMUL_LAT1
                                  12951.5401    100.0   5302.8696  1513.0080  0.0000  cv32e40px_fp_wrapper_FPU_ADDMUL_LAT1
i_fpnew_bulk/gen_operation_groups[0].i_opgroup_block/gen_merged_slice.i_multifmt_slice/gen_num_lanes[0].active_lane.lane_instance.i_fpnew_fma_multi
                                   6135.6624     47.4   5888.6016   247.0608  0.0000  fpnew_fma_multi_10_00000001_1_565242
--------------------------------  ----------  -------  ----------  ---------  ------  ------------------------------------
Total                                                  11191.4712  1760.0688  0.0000

1
