 
****************************************
Report : area
Design : cv32e40px_fp_wrapper_FPU_ADDMUL_LAT4
Version: Y-2026.03-SP1
Date   : Sun Aug 16 13:26:28 2026
****************************************

Library(s) Used:

    sc12mc_cln40g_base_rvt_c40_ss_typical_max_0p81v_125c (File: /2tb/home/oyurtsever/x-heep/dc/sc12mc_cln40g_base_rvt_c40_ss_typical_max_0p81v_125c.db)

Number of ports:                          354
Number of nets:                          8695
Number of cells:                         8077
Number of combinational cells:           7601
Number of sequential cells:               475
Number of macros/black boxes:               0
Number of buf/inv:                       1148
Number of references:                      97

Combinational area:              11484.177652
Buf/Inv area:                      739.905621
Noncombinational area:            2501.251278
Macro/Black Box area:                0.000000
Net Interconnect area:               0.000000

Total cell area:                 13985.428931
Total area:                      13985.428931
1
