 
****************************************
Report : area
Design : cv32e40px_fp_wrapper
Version: S-2021.06-SP5
Date   : Sun Jul  5 15:21:26 2026
****************************************

Information: Updating design information... (UID-85)
Library(s) Used:

    sc12mc_cln40g_base_rvt_c40_ss_typical_max_0p81v_125c (File: /2tb/home/oyurtsever/x-heep/dc/sc12mc_cln40g_base_rvt_c40_ss_typical_max_0p81v_125c.db)

Number of ports:                          462
Number of nets:                          8483
Number of cells:                         7837
Number of combinational cells:           7536
Number of sequential cells:               299
Number of macros/black boxes:               0
Number of buf/inv:                       1034
Number of references:                      96

Combinational area:              11322.024012
Buf/Inv area:                      665.212819
Noncombinational area:            1490.025639
Macro/Black Box area:                0.000000
Net Interconnect area:               0.000000

Total cell area:                 12812.049651
Total area:                      12812.049651

Hierarchical area distribution
------------------------------

                                  Global cell area            Local cell area
                                  -------------------  ----------------------------- 
Hierarchical cell                 Absolute    Percent  Combi-      Noncombi-  Black-
                                  Total       Total    national    national   boxes   Design
--------------------------------  ----------  -------  ----------  ---------  ------  --------------------------------------------------
cv32e40px_fp_wrapper              12812.0497    100.0   5135.6088  1490.0256  0.0000  cv32e40px_fp_wrapper
i_fpnew_bulk/gen_operation_groups[0].i_opgroup_block/gen_merged_slice.i_multifmt_slice/gen_num_lanes[0].active_lane.lane_instance.i_fpnew_fma_multi
                                   5822.8464     45.4   5822.8464     0.0000  0.0000  fpnew_fma_multi_10_00000000_1__logic_Z_1yB__790242
i_fpnew_bulk/gen_operation_groups[1].i_opgroup_block/gen_merged_slice.i_multifmt_slice/gen_num_lanes[0].active_lane.lane_instance.genblk1.i_fpnew_divsqrt_multi_th/i_divsqrt_thead/x_pa_fdsu_prepare/x_frac_expnt
                                    363.5688      2.8    363.5688     0.0000  0.0000  pa_fdsu_ff1
--------------------------------  ----------  -------  ----------  ---------  ------  --------------------------------------------------
Total                                                  11322.0240  1490.0256  0.0000

1
