 
****************************************
Report : area
Design : cv32e40px_top_FPU1
Version: S-2021.06-SP5
Date   : Sun Jul  5 10:44:02 2026
****************************************

Information: Updating design information... (UID-85)
Warning: Design 'cv32e40px_top_FPU1' contains 1 high-fanout nets. A fanout number of 1000 will be used for delay calculations involving these nets. (TIM-134)
Library(s) Used:

    sc12mc_cln40g_base_rvt_c40_ss_typical_max_0p81v_125c (File: /2tb/home/oyurtsever/x-heep/dc/sc12mc_cln40g_base_rvt_c40_ss_typical_max_0p81v_125c.db)

Number of ports:                         4412
Number of nets:                         35315
Number of cells:                        32341
Number of combinational cells:          28695
Number of sequential cells:              3641
Number of macros/black boxes:               0
Number of buf/inv:                       5380
Number of references:                     214

Combinational area:              45068.805802
Buf/Inv area:                     3598.341692
Noncombinational area:           20686.075986
Macro/Black Box area:                0.000000
Net Interconnect area:               0.000000

Total cell area:                 65754.881788
Total area:                      65754.881788

Hierarchical area distribution
------------------------------

                                  Global cell area            Local cell area
                                  -------------------  ------------------------------ 
Hierarchical cell                 Absolute    Percent  Combi-      Noncombi-   Black-
                                  Total       Total    national    national    boxes   Design
--------------------------------  ----------  -------  ----------  ----------  ------  ----------------------------------------------------------------------------------------------------------------------------------------------------------------------------------------------------------------------------------------
cv32e40px_top_FPU1                65754.8818    100.0  14110.8745   3569.9329  0.0000  cv32e40px_top_FPU1
core_i/cs_registers_i              5769.8593      8.8   3069.4272   2700.4321  0.0000  cv32e40px_cs_registers_N_HWLP2_APU1_A_EXTENSION0_FPU1_ZFINX0_PULP_SECURE0_USE_PMP0_N_PMP_ENTRIES16_NUM_MHPMCOUNTERS1_COREV_PULP0_COREV_CLUSTER0_DEBUG_TRIGGER_EN1
core_i/ex_stage_i/alu_i            3472.2576      5.3   2857.4784    614.7792  0.0000  cv32e40px_alu
core_i/id_stage_i                 30527.6502     46.4   2889.3984   2217.8017  0.0000  cv32e40px_id_stage_COREV_X_IF0_COREV_PULP0_COREV_CLUSTER0_N_HWLP2_PULP_SECURE0_USE_PMP0_A_EXTENSION0_APU1_FPU1_FPU_ADDMUL_LAT0_FPU_OTHERS_LAT0_ZFINX0_APU_NARGS_CPU3_APU_WOP_CPU6_APU_NDSFLAGS_CPU15_APU_NUSFLAGS_CPU5_DEBUG_TRIGGER_EN1
core_i/id_stage_i/register_file_i 25420.4501     38.7  13837.3200  11583.1301  0.0000  cv32e40px_register_file_ADDR_WIDTH6_DATA_WIDTH32_FPU1_ZFINX0_COREV_X_IF0_X_DUALREAD0
fpu_gen.fp_wrapper_i/i_fpnew_bulk/gen_operation_groups[0].i_opgroup_block/gen_merged_slice.i_multifmt_slice/gen_num_lanes[0].active_lane.lane_instance.i_fpnew_fma_multi
                                   8304.3073     12.6   8304.3073      0.0000  0.0000  fpnew_fma_multi_10_00000000_1__logic_Z_1yB__790242
--------------------------------  ----------  -------  ----------  ----------  ------  ----------------------------------------------------------------------------------------------------------------------------------------------------------------------------------------------------------------------------------------
Total                                                  45068.8058  20686.0760  0.0000

1
