 
****************************************
Report : area
Design : dma_apu_arbiter
Version: S-2021.06-SP5
Date   : Sun Jul  5 15:21:51 2026
****************************************

Library(s) Used:

    sc12mc_cln40g_base_rvt_c40_ss_typical_max_0p81v_125c (File: /2tb/home/oyurtsever/x-heep/dc/sc12mc_cln40g_base_rvt_c40_ss_typical_max_0p81v_125c.db)

Number of ports:                          474
Number of nets:                           430
Number of cells:                          153
Number of combinational cells:            149
Number of sequential cells:                 4
Number of macros/black boxes:               0
Number of buf/inv:                          9
Number of references:                      21

Combinational area:                298.452004
Buf/Inv area:                        6.703200
Noncombinational area:              22.982401
Macro/Black Box area:                0.000000
Net Interconnect area:               0.000000

Total cell area:                   321.434405
Total area:                        321.434405
1
