 
****************************************
Report : area
Design : cv32e40px_fp_wrapper_FPU_ADDMUL_LAT5
Version: Y-2026.03-SP1
Date   : Sun Aug 16 13:29:20 2026
****************************************

Library(s) Used:

    sc12mc_cln40g_base_rvt_c40_ss_typical_max_0p81v_125c (File: /2tb/home/oyurtsever/x-heep/dc/sc12mc_cln40g_base_rvt_c40_ss_typical_max_0p81v_125c.db)

Number of ports:                          355
Number of nets:                          8790
Number of cells:                         8172
Number of combinational cells:           7653
Number of sequential cells:               518
Number of macros/black boxes:               0
Number of buf/inv:                       1157
Number of references:                      97

Combinational area:              11589.194453
Buf/Inv area:                      746.928021
Noncombinational area:            2748.312088
Macro/Black Box area:                0.000000
Net Interconnect area:               0.000000

Total cell area:                 14337.506541
Total area:                      14337.506541
1
