 
****************************************
Report : area
Design : dma_apu_arbiter_ARB_POLICY1
Version: Y-2026.03-SP1
Date   : Sun Aug 16 13:30:13 2026
****************************************

Library(s) Used:

    sc12mc_cln40g_base_rvt_c40_ss_typical_max_0p81v_125c (File: /2tb/home/oyurtsever/x-heep/dc/sc12mc_cln40g_base_rvt_c40_ss_typical_max_0p81v_125c.db)

Number of ports:                          635
Number of nets:                           684
Number of cells:                          286
Number of combinational cells:            280
Number of sequential cells:                 6
Number of macros/black boxes:               0
Number of buf/inv:                        135
Number of references:                      27

Combinational area:                430.600811
Buf/Inv area:                       88.099202
Noncombinational area:              34.473601
Macro/Black Box area:                0.000000
Net Interconnect area:               0.000000

Total cell area:                   465.074412
Total area:                        465.074412
1
