 
****************************************
Report : area
Design : dma_apu_arbiter_ARB_POLICY1
Version: Y-2026.03-SP1
Date   : Sun Aug 16 13:30:13 2026
****************************************

Information: Updating design information... (UID-85)
Library(s) Used:

    sc12mc_cln40g_base_rvt_c40_ss_typical_max_0p81v_125c (File: /2tb/home/oyurtsever/x-heep/dc/sc12mc_cln40g_base_rvt_c40_ss_typical_max_0p81v_125c.db)

Number of ports:                          635
Number of nets:                           684
Number of cells:                          286
Number of combinational cells:            280
Number of sequential cells:                 6
Number of macros/black boxes:               0
Number of buf/inv:                        135
Number of references:                      27

Combinational area:                430.600811
Buf/Inv area:                       88.099202
Noncombinational area:              34.473601
Macro/Black Box area:                0.000000
Net Interconnect area:               0.000000

Total cell area:                   465.074412
Total area:                        465.074412

Hierarchical area distribution
------------------------------

                                  Global cell area          Local cell area
                                  ------------------  --------------------------- 
Hierarchical cell                 Absolute   Percent  Combi-    Noncombi-  Black-
                                  Total      Total    national  national   boxes   Design
--------------------------------  ---------  -------  --------  ---------  ------  ---------
dma_apu_arbiter_ARB_POLICY1        465.0744    100.0  430.6008    34.4736  0.0000  dma_apu_arbiter_ARB_POLICY1
--------------------------------  ---------  -------  --------  ---------  ------  ---------
Total                                                 430.6008    34.4736  0.0000

1
