 
****************************************
Report : area
Design : cv32e40px_fp_wrapper_FPU_ADDMUL_LAT3
Version: Y-2026.03-SP1
Date   : Sun Aug 16 13:23:38 2026
****************************************

Information: Updating design information... (UID-85)
Library(s) Used:

    sc12mc_cln40g_base_rvt_c40_ss_typical_max_0p81v_125c (File: /2tb/home/oyurtsever/x-heep/dc/sc12mc_cln40g_base_rvt_c40_ss_typical_max_0p81v_125c.db)

Number of ports:                          353
Number of nets:                          8601
Number of cells:                         7983
Number of combinational cells:           7550
Number of sequential cells:               432
Number of macros/black boxes:               0
Number of buf/inv:                       1141
Number of references:                      97

Combinational area:              11382.672051
Buf/Inv area:                      734.479220
Noncombinational area:            2254.190469
Macro/Black Box area:                0.000000
Net Interconnect area:               0.000000

Total cell area:                 13636.862519
Total area:                      13636.862519

Hierarchical area distribution
------------------------------

                                  Global cell area            Local cell area
                                  -------------------  ----------------------------- 
Hierarchical cell                 Absolute    Percent  Combi-      Noncombi-  Black-
                                  Total       Total    national    national   boxes   Design
--------------------------------  ----------  -------  ----------  ---------  ------  ------------------------------------
cv32e40px_fp_wrapper_FPU_ADDMUL_LAT3
                                  13636.8625    100.0   5302.8696  1513.0080  0.0000  cv32e40px_fp_wrapper_FPU_ADDMUL_LAT3
i_fpnew_bulk/gen_operation_groups[0].i_opgroup_block/gen_merged_slice.i_multifmt_slice/gen_num_lanes[0].active_lane.lane_instance.i_fpnew_fma_multi
                                   6820.9849     50.0   6079.8024   741.1824  0.0000  fpnew_fma_multi_10_00000003_1_565242
--------------------------------  ----------  -------  ----------  ---------  ------  ------------------------------------
Total                                                  11382.6721  2254.1905  0.0000

1
