 
****************************************
Report : area
Design : dma_fp_dot_accel
Version: S-2021.06-SP5
Date   : Sun Jul  5 15:22:16 2026
****************************************

Information: Updating design information... (UID-85)
Library(s) Used:

    sc12mc_cln40g_base_rvt_c40_ss_typical_max_0p81v_125c (File: /2tb/home/oyurtsever/x-heep/dc/sc12mc_cln40g_base_rvt_c40_ss_typical_max_0p81v_125c.db)

Number of ports:                          246
Number of nets:                           511
Number of cells:                          424
Number of combinational cells:            309
Number of sequential cells:               115
Number of macros/black boxes:               0
Number of buf/inv:                        121
Number of references:                      31

Combinational area:                390.700801
Buf/Inv area:                       78.842402
Noncombinational area:             660.744026
Macro/Black Box area:                0.000000
Net Interconnect area:               0.000000

Total cell area:                  1051.444827
Total area:                       1051.444827

Hierarchical area distribution
------------------------------

                                  Global cell area          Local cell area
                                  ------------------  --------------------------- 
Hierarchical cell                 Absolute   Percent  Combi-    Noncombi-  Black-
                                  Total      Total    national  national   boxes   Design
--------------------------------  ---------  -------  --------  ---------  ------  ---------
dma_fp_dot_accel                  1051.4448    100.0  390.7008   660.7440  0.0000  dma_fp_dot_accel
--------------------------------  ---------  -------  --------  ---------  ------  ---------
Total                                                 390.7008   660.7440  0.0000

1
