 
****************************************
Report : area
Design : cv32e40px_fp_wrapper_FPU_ADDMUL_LAT4
Version: Y-2026.03-SP1
Date   : Sun Aug 16 13:26:28 2026
****************************************

Information: Updating design information... (UID-85)
Library(s) Used:

    sc12mc_cln40g_base_rvt_c40_ss_typical_max_0p81v_125c (File: /2tb/home/oyurtsever/x-heep/dc/sc12mc_cln40g_base_rvt_c40_ss_typical_max_0p81v_125c.db)

Number of ports:                          354
Number of nets:                          8695
Number of cells:                         8077
Number of combinational cells:           7601
Number of sequential cells:               475
Number of macros/black boxes:               0
Number of buf/inv:                       1148
Number of references:                      97

Combinational area:              11484.177652
Buf/Inv area:                      739.905621
Noncombinational area:            2501.251278
Macro/Black Box area:                0.000000
Net Interconnect area:               0.000000

Total cell area:                 13985.428931
Total area:                      13985.428931

Hierarchical area distribution
------------------------------

                                  Global cell area            Local cell area
                                  -------------------  ----------------------------- 
Hierarchical cell                 Absolute    Percent  Combi-      Noncombi-  Black-
                                  Total       Total    national    national   boxes   Design
--------------------------------  ----------  -------  ----------  ---------  ------  ------------------------------------
cv32e40px_fp_wrapper_FPU_ADDMUL_LAT4
                                  13985.4289    100.0   5302.8696  1513.0080  0.0000  cv32e40px_fp_wrapper_FPU_ADDMUL_LAT4
i_fpnew_bulk/gen_operation_groups[0].i_opgroup_block/gen_merged_slice.i_multifmt_slice/gen_num_lanes[0].active_lane.lane_instance.i_fpnew_fma_multi
                                   7169.5513     51.3   6181.3080   988.2432  0.0000  fpnew_fma_multi_10_00000004_1_565242
--------------------------------  ----------  -------  ----------  ---------  ------  ------------------------------------
Total                                                  11484.1777  2501.2513  0.0000

1
