 
****************************************
Report : area
Design : cv32e40px_fp_wrapper_FPU_ADDMUL_LAT2
Version: Y-2026.03-SP1
Date   : Sun Aug 16 13:20:49 2026
****************************************

Library(s) Used:

    sc12mc_cln40g_base_rvt_c40_ss_typical_max_0p81v_125c (File: /2tb/home/oyurtsever/x-heep/dc/sc12mc_cln40g_base_rvt_c40_ss_typical_max_0p81v_125c.db)

Number of ports:                          352
Number of nets:                          8502
Number of cells:                         7884
Number of combinational cells:           7494
Number of sequential cells:               389
Number of macros/black boxes:               0
Number of buf/inv:                       1134
Number of references:                      97

Combinational area:              11277.974449
Buf/Inv area:                      729.691220
Noncombinational area:            2007.129659
Macro/Black Box area:                0.000000
Net Interconnect area:               0.000000

Total cell area:                 13285.104108
Total area:                      13285.104108
1
