 
****************************************
Report : area
Design : cv32e40px_fp_wrapper_FPU_ADDMUL_LAT1
Version: Y-2026.03-SP1
Date   : Sun Aug 16 13:18:02 2026
****************************************

Library(s) Used:

    sc12mc_cln40g_base_rvt_c40_ss_typical_max_0p81v_125c (File: /2tb/home/oyurtsever/x-heep/dc/sc12mc_cln40g_base_rvt_c40_ss_typical_max_0p81v_125c.db)

Number of ports:                          351
Number of nets:                          8323
Number of cells:                         7698
Number of combinational cells:           7351
Number of sequential cells:               346
Number of macros/black boxes:               0
Number of buf/inv:                       1084
Number of references:                      96

Combinational area:              11191.471248
Buf/Inv area:                      697.452019
Noncombinational area:            1760.068850
Macro/Black Box area:                0.000000
Net Interconnect area:               0.000000

Total cell area:                 12951.540098
Total area:                      12951.540098
1
