 
****************************************
Report : area
Design : dma_apu_arbiter
Version: S-2021.06-SP5
Date   : Sun Jul  5 15:21:51 2026
****************************************

Information: Updating design information... (UID-85)
Library(s) Used:

    sc12mc_cln40g_base_rvt_c40_ss_typical_max_0p81v_125c (File: /2tb/home/oyurtsever/x-heep/dc/sc12mc_cln40g_base_rvt_c40_ss_typical_max_0p81v_125c.db)

Number of ports:                          474
Number of nets:                           430
Number of cells:                          153
Number of combinational cells:            149
Number of sequential cells:                 4
Number of macros/black boxes:               0
Number of buf/inv:                          9
Number of references:                      21

Combinational area:                298.452004
Buf/Inv area:                        6.703200
Noncombinational area:              22.982401
Macro/Black Box area:                0.000000
Net Interconnect area:               0.000000

Total cell area:                   321.434405
Total area:                        321.434405

Hierarchical area distribution
------------------------------

                                  Global cell area          Local cell area
                                  ------------------  --------------------------- 
Hierarchical cell                 Absolute   Percent  Combi-    Noncombi-  Black-
                                  Total      Total    national  national   boxes   Design
--------------------------------  ---------  -------  --------  ---------  ------  ---------
dma_apu_arbiter                    321.4344    100.0  298.4520    22.9824  0.0000  dma_apu_arbiter
--------------------------------  ---------  -------  --------  ---------  ------  ---------
Total                                                 298.4520    22.9824  0.0000

1
