 
****************************************
Report : area
Design : cv32e40px_fp_wrapper_FPU_ADDMUL_LAT2
Version: Y-2026.03-SP1
Date   : Sun Aug 16 13:20:49 2026
****************************************

Information: Updating design information... (UID-85)
Library(s) Used:

    sc12mc_cln40g_base_rvt_c40_ss_typical_max_0p81v_125c (File: /2tb/home/oyurtsever/x-heep/dc/sc12mc_cln40g_base_rvt_c40_ss_typical_max_0p81v_125c.db)

Number of ports:                          352
Number of nets:                          8502
Number of cells:                         7884
Number of combinational cells:           7494
Number of sequential cells:               389
Number of macros/black boxes:               0
Number of buf/inv:                       1134
Number of references:                      97

Combinational area:              11277.974449
Buf/Inv area:                      729.691220
Noncombinational area:            2007.129659
Macro/Black Box area:                0.000000
Net Interconnect area:               0.000000

Total cell area:                 13285.104108
Total area:                      13285.104108

Hierarchical area distribution
------------------------------

                                  Global cell area            Local cell area
                                  -------------------  ----------------------------- 
Hierarchical cell                 Absolute    Percent  Combi-      Noncombi-  Black-
                                  Total       Total    national    national   boxes   Design
--------------------------------  ----------  -------  ----------  ---------  ------  ------------------------------------
cv32e40px_fp_wrapper_FPU_ADDMUL_LAT2
                                  13285.1041    100.0   5302.8696  1513.0080  0.0000  cv32e40px_fp_wrapper_FPU_ADDMUL_LAT2
i_fpnew_bulk/gen_operation_groups[0].i_opgroup_block/gen_merged_slice.i_multifmt_slice/gen_num_lanes[0].active_lane.lane_instance.i_fpnew_fma_multi
                                   6469.2265     48.7   5975.1048   494.1216  0.0000  fpnew_fma_multi_10_00000002_1_565242
--------------------------------  ----------  -------  ----------  ---------  ------  ------------------------------------
Total                                                  11277.9744  2007.1297  0.0000

1
