 
****************************************
Report : area
Design : cv32e40px_fp_wrapper
Version: S-2021.06-SP5
Date   : Sun Jul  5 15:21:26 2026
****************************************

Library(s) Used:

    sc12mc_cln40g_base_rvt_c40_ss_typical_max_0p81v_125c (File: /2tb/home/oyurtsever/x-heep/dc/sc12mc_cln40g_base_rvt_c40_ss_typical_max_0p81v_125c.db)

Number of ports:                          462
Number of nets:                          8483
Number of cells:                         7837
Number of combinational cells:           7536
Number of sequential cells:               299
Number of macros/black boxes:               0
Number of buf/inv:                       1034
Number of references:                      96

Combinational area:              11322.024012
Buf/Inv area:                      665.212819
Noncombinational area:            1490.025639
Macro/Black Box area:                0.000000
Net Interconnect area:               0.000000

Total cell area:                 12812.049651
Total area:                      12812.049651
1
