 
****************************************
Report : reference
Design : cv32e40px_top_FPU1
Version: S-2021.06-SP5
Date   : Sun Jul  5 10:44:04 2026
****************************************

Attributes:
    b - black box (unknown)
   bo - allows boundary optimization
    d - dont_touch
   mo - map_only
    h - hierarchical
    n - noncombinational
    r - removable
    s - synthetic operator
    u - contains unmapped logic

Reference          Library       Unit Area   Count    Total Area   Attributes
-----------------------------------------------------------------------------
ADDF_X1M_A12TR40   sc12mc_cln40g_base_rvt_c40_ss_typical_max_0p81v_125c
                                  5.107200     438   2236.953664  r
ADDH_X1M_A12TR40   sc12mc_cln40g_base_rvt_c40_ss_typical_max_0p81v_125c
                                  3.192000     108    344.735991  r
AND2_X0P5B_A12TR40 sc12mc_cln40g_base_rvt_c40_ss_typical_max_0p81v_125c
                                  1.276800     134    171.091205  
AND2_X0P5M_A12TR40 sc12mc_cln40g_base_rvt_c40_ss_typical_max_0p81v_125c
                                  1.276800      38     48.518401  
AND2_X0P7B_A12TR40 sc12mc_cln40g_base_rvt_c40_ss_typical_max_0p81v_125c
                                  1.276800       1      1.276800  
AND2_X0P7M_A12TR40 sc12mc_cln40g_base_rvt_c40_ss_typical_max_0p81v_125c
                                  1.276800       9     11.491200  
AND2_X1M_A12TR40   sc12mc_cln40g_base_rvt_c40_ss_typical_max_0p81v_125c
                                  1.276800       9     11.491200  
AND2_X3B_A12TR40   sc12mc_cln40g_base_rvt_c40_ss_typical_max_0p81v_125c
                                  1.915200       1      1.915200  
AND3_X0P5M_A12TR40 sc12mc_cln40g_base_rvt_c40_ss_typical_max_0p81v_125c
                                  1.596000      14     22.343999  
AND3_X0P7M_A12TR40 sc12mc_cln40g_base_rvt_c40_ss_typical_max_0p81v_125c
                                  1.596000       1      1.596000  
AND4_X0P5M_A12TR40 sc12mc_cln40g_base_rvt_c40_ss_typical_max_0p81v_125c
                                  1.915200      11     21.067200  
AO1B2_X0P5M_A12TR40
                   sc12mc_cln40g_base_rvt_c40_ss_typical_max_0p81v_125c
                                  1.596000     109    173.963995  
AO21A1AI2_X0P5M_A12TR40
                   sc12mc_cln40g_base_rvt_c40_ss_typical_max_0p81v_125c
                                  1.915200      25     47.880000  
AO21B_X0P5M_A12TR40
                   sc12mc_cln40g_base_rvt_c40_ss_typical_max_0p81v_125c
                                  1.596000      13     20.747999  
AO21B_X0P7M_A12TR40
                   sc12mc_cln40g_base_rvt_c40_ss_typical_max_0p81v_125c
                                  1.596000      12     19.151999  
AO21B_X1M_A12TR40  sc12mc_cln40g_base_rvt_c40_ss_typical_max_0p81v_125c
                                  1.596000      11     17.556000  
AO21_X0P5M_A12TR40 sc12mc_cln40g_base_rvt_c40_ss_typical_max_0p81v_125c
                                  1.915200       8     15.321600  
AO21_X1M_A12TR40   sc12mc_cln40g_base_rvt_c40_ss_typical_max_0p81v_125c
                                  1.915200       1      1.915200  
AO22_X0P5M_A12TR40 sc12mc_cln40g_base_rvt_c40_ss_typical_max_0p81v_125c
                                  2.234400      49    109.485602  
AOI2XB1_X0P5M_A12TR40
                   sc12mc_cln40g_base_rvt_c40_ss_typical_max_0p81v_125c
                                  1.915200       4      7.660800  
AOI2XB1_X0P7M_A12TR40
                   sc12mc_cln40g_base_rvt_c40_ss_typical_max_0p81v_125c
                                  1.915200       2      3.830400  
AOI2XB1_X1M_A12TR40
                   sc12mc_cln40g_base_rvt_c40_ss_typical_max_0p81v_125c
                                  1.915200       4      7.660800  
AOI2XB1_X2M_A12TR40
                   sc12mc_cln40g_base_rvt_c40_ss_typical_max_0p81v_125c
                                  2.872800       2      5.745600  
AOI2XB1_X3M_A12TR40
                   sc12mc_cln40g_base_rvt_c40_ss_typical_max_0p81v_125c
                                  3.830400       1      3.830400  
AOI21B_X0P5M_A12TR40
                   sc12mc_cln40g_base_rvt_c40_ss_typical_max_0p81v_125c
                                  1.915200       1      1.915200  
AOI21B_X1M_A12TR40 sc12mc_cln40g_base_rvt_c40_ss_typical_max_0p81v_125c
                                  1.915200       1      1.915200  
AOI21B_X2M_A12TR40 sc12mc_cln40g_base_rvt_c40_ss_typical_max_0p81v_125c
                                  2.872800       1      2.872800  
AOI21_X0P5M_A12TR40
                   sc12mc_cln40g_base_rvt_c40_ss_typical_max_0p81v_125c
                                  1.276800     308    393.254411  
AOI21_X0P7M_A12TR40
                   sc12mc_cln40g_base_rvt_c40_ss_typical_max_0p81v_125c
                                  1.276800      13     16.598400  
AOI21_X1M_A12TR40  sc12mc_cln40g_base_rvt_c40_ss_typical_max_0p81v_125c
                                  1.276800      14     17.875201  
AOI21_X2M_A12TR40  sc12mc_cln40g_base_rvt_c40_ss_typical_max_0p81v_125c
                                  2.234400       1      2.234400  
AOI22BB_X0P5M_A12TR40
                   sc12mc_cln40g_base_rvt_c40_ss_typical_max_0p81v_125c
                                  2.234400      91    203.330403  
AOI22BB_X0P7M_A12TR40
                   sc12mc_cln40g_base_rvt_c40_ss_typical_max_0p81v_125c
                                  2.234400       6     13.406400  
AOI22BB_X1M_A12TR40
                   sc12mc_cln40g_base_rvt_c40_ss_typical_max_0p81v_125c
                                  2.234400       1      2.234400  
AOI22_X0P5M_A12TR40
                   sc12mc_cln40g_base_rvt_c40_ss_typical_max_0p81v_125c
                                  1.596000     933   1489.067959  
AOI22_X0P7M_A12TR40
                   sc12mc_cln40g_base_rvt_c40_ss_typical_max_0p81v_125c
                                  1.596000      48     76.607998  
AOI22_X1M_A12TR40  sc12mc_cln40g_base_rvt_c40_ss_typical_max_0p81v_125c
                                  1.596000      38     60.647998  
AOI31_X0P5M_A12TR40
                   sc12mc_cln40g_base_rvt_c40_ss_typical_max_0p81v_125c
                                  1.596000      37     59.051998  
AOI31_X0P7M_A12TR40
                   sc12mc_cln40g_base_rvt_c40_ss_typical_max_0p81v_125c
                                  1.596000       2      3.192000  
AOI31_X1M_A12TR40  sc12mc_cln40g_base_rvt_c40_ss_typical_max_0p81v_125c
                                  1.596000       1      1.596000  
AOI32_X0P5M_A12TR40
                   sc12mc_cln40g_base_rvt_c40_ss_typical_max_0p81v_125c
                                  1.915200       5      9.576000  
AOI32_X0P7M_A12TR40
                   sc12mc_cln40g_base_rvt_c40_ss_typical_max_0p81v_125c
                                  1.915200       1      1.915200  
AOI211_X0P5M_A12TR40
                   sc12mc_cln40g_base_rvt_c40_ss_typical_max_0p81v_125c
                                  1.596000     179    285.683992  
AOI211_X0P7M_A12TR40
                   sc12mc_cln40g_base_rvt_c40_ss_typical_max_0p81v_125c
                                  1.596000       2      3.192000  
AOI211_X1M_A12TR40 sc12mc_cln40g_base_rvt_c40_ss_typical_max_0p81v_125c
                                  1.596000      24     38.303999  
AOI221_X0P5M_A12TR40
                   sc12mc_cln40g_base_rvt_c40_ss_typical_max_0p81v_125c
                                  2.234400      23     51.391201  
AOI222_X0P5M_A12TR40
                   sc12mc_cln40g_base_rvt_c40_ss_typical_max_0p81v_125c
                                  2.553600     216    551.577616  
AOI222_X0P7M_A12TR40
                   sc12mc_cln40g_base_rvt_c40_ss_typical_max_0p81v_125c
                                  2.553600       7     17.875201  
BUF_X0P7B_A12TR40  sc12mc_cln40g_base_rvt_c40_ss_typical_max_0p81v_125c
                                  0.957600       9      8.618400  
BUF_X1P2B_A12TR40  sc12mc_cln40g_base_rvt_c40_ss_typical_max_0p81v_125c
                                  1.276800       1      1.276800  
BUF_X2M_A12TR40    sc12mc_cln40g_base_rvt_c40_ss_typical_max_0p81v_125c
                                  1.276800       1      1.276800  
BUF_X11M_A12TR40   sc12mc_cln40g_base_rvt_c40_ss_typical_max_0p81v_125c
                                  4.788000       1      4.788000  
CGENI_X1M_A12TR40  sc12mc_cln40g_base_rvt_c40_ss_typical_max_0p81v_125c
                                  1.915200      66    126.403200  
DFFQ_X0P5M_A12TR40 sc12mc_cln40g_base_rvt_c40_ss_typical_max_0p81v_125c
                                  4.788000     238   1139.544025  n
DFFRPQN_X0P5M_A12TR40
                   sc12mc_cln40g_base_rvt_c40_ss_typical_max_0p81v_125c
                                  5.745600       1      5.745600  n
DFFRPQN_X1M_A12TR40
                   sc12mc_cln40g_base_rvt_c40_ss_typical_max_0p81v_125c
                                  5.745600       1      5.745600  n
DFFRPQ_X0P5M_A12TR40
                   sc12mc_cln40g_base_rvt_c40_ss_typical_max_0p81v_125c
                                  5.745600     418   2401.660893  n
DFFRPQ_X1M_A12TR40 sc12mc_cln40g_base_rvt_c40_ss_typical_max_0p81v_125c
                                  5.745600       2     11.491200  n
INV_X0P5B_A12TR40  sc12mc_cln40g_base_rvt_c40_ss_typical_max_0p81v_125c
                                  0.638400    1005    641.592018  
INV_X0P6B_A12TR40  sc12mc_cln40g_base_rvt_c40_ss_typical_max_0p81v_125c
                                  0.638400       8      5.107200  
INV_X0P7B_A12TR40  sc12mc_cln40g_base_rvt_c40_ss_typical_max_0p81v_125c
                                  0.638400      35     22.344001  
INV_X0P8B_A12TR40  sc12mc_cln40g_base_rvt_c40_ss_typical_max_0p81v_125c
                                  0.638400      15      9.576000  
INV_X0P8M_A12TR40  sc12mc_cln40g_base_rvt_c40_ss_typical_max_0p81v_125c
                                  0.638400       9      5.745600  
INV_X1B_A12TR40    sc12mc_cln40g_base_rvt_c40_ss_typical_max_0p81v_125c
                                  0.638400      25     15.960000  
INV_X1M_A12TR40    sc12mc_cln40g_base_rvt_c40_ss_typical_max_0p81v_125c
                                  0.638400      53     33.835201  
INV_X1P2B_A12TR40  sc12mc_cln40g_base_rvt_c40_ss_typical_max_0p81v_125c
                                  0.957600       4      3.830400  
INV_X1P4B_A12TR40  sc12mc_cln40g_base_rvt_c40_ss_typical_max_0p81v_125c
                                  0.957600       2      1.915200  
INV_X1P7M_A12TR40  sc12mc_cln40g_base_rvt_c40_ss_typical_max_0p81v_125c
                                  0.957600       3      2.872800  
INV_X2B_A12TR40    sc12mc_cln40g_base_rvt_c40_ss_typical_max_0p81v_125c
                                  0.957600       1      0.957600  
INV_X2M_A12TR40    sc12mc_cln40g_base_rvt_c40_ss_typical_max_0p81v_125c
                                  0.957600      11     10.533600  
INV_X3B_A12TR40    sc12mc_cln40g_base_rvt_c40_ss_typical_max_0p81v_125c
                                  1.276800       1      1.276800  
INV_X3M_A12TR40    sc12mc_cln40g_base_rvt_c40_ss_typical_max_0p81v_125c
                                  1.276800       5      6.384000  
INV_X4M_A12TR40    sc12mc_cln40g_base_rvt_c40_ss_typical_max_0p81v_125c
                                  1.596000       2      3.192000  
INV_X6M_A12TR40    sc12mc_cln40g_base_rvt_c40_ss_typical_max_0p81v_125c
                                  2.234400       1      2.234400  
INV_X7P5M_A12TR40  sc12mc_cln40g_base_rvt_c40_ss_typical_max_0p81v_125c
                                  2.872800       2      5.745600  
INV_X13B_A12TR40   sc12mc_cln40g_base_rvt_c40_ss_typical_max_0p81v_125c
                                  4.468800       1      4.468800  
LATNQ_X0P5M_A12TR40
                   sc12mc_cln40g_base_rvt_c40_ss_typical_max_0p81v_125c
                                  2.872800       2      5.745600  n
MXIT2_X0P5M_A12TR40
                   sc12mc_cln40g_base_rvt_c40_ss_typical_max_0p81v_125c
                                  2.553600       2      5.107200  
NAND2B_X0P5M_A12TR40
                   sc12mc_cln40g_base_rvt_c40_ss_typical_max_0p81v_125c
                                  1.276800      31     39.580801  
NAND2B_X0P7M_A12TR40
                   sc12mc_cln40g_base_rvt_c40_ss_typical_max_0p81v_125c
                                  1.276800       1      1.276800  
NAND2B_X1M_A12TR40 sc12mc_cln40g_base_rvt_c40_ss_typical_max_0p81v_125c
                                  1.276800       3      3.830400  
NAND2B_X2M_A12TR40 sc12mc_cln40g_base_rvt_c40_ss_typical_max_0p81v_125c
                                  1.915200       2      3.830400  
NAND2XB_X0P5M_A12TR40
                   sc12mc_cln40g_base_rvt_c40_ss_typical_max_0p81v_125c
                                  1.276800      19     24.259201  
NAND2XB_X0P7M_A12TR40
                   sc12mc_cln40g_base_rvt_c40_ss_typical_max_0p81v_125c
                                  1.276800       2      2.553600  
NAND2XB_X1M_A12TR40
                   sc12mc_cln40g_base_rvt_c40_ss_typical_max_0p81v_125c
                                  1.276800       4      5.107200  
NAND2_X0P5A_A12TR40
                   sc12mc_cln40g_base_rvt_c40_ss_typical_max_0p81v_125c
                                  0.957600     229    219.290399  
NAND2_X0P5B_A12TR40
                   sc12mc_cln40g_base_rvt_c40_ss_typical_max_0p81v_125c
                                  0.957600      17     16.279200  
NAND2_X0P5M_A12TR40
                   sc12mc_cln40g_base_rvt_c40_ss_typical_max_0p81v_125c
                                  0.957600     656    628.185598  
NAND2_X0P7A_A12TR40
                   sc12mc_cln40g_base_rvt_c40_ss_typical_max_0p81v_125c
                                  0.957600      23     22.024800  
NAND2_X0P7B_A12TR40
                   sc12mc_cln40g_base_rvt_c40_ss_typical_max_0p81v_125c
                                  0.957600      20     19.152000  
NAND2_X1A_A12TR40  sc12mc_cln40g_base_rvt_c40_ss_typical_max_0p81v_125c
                                  0.957600      31     29.685600  
NAND2_X1B_A12TR40  sc12mc_cln40g_base_rvt_c40_ss_typical_max_0p81v_125c
                                  0.957600      21     20.109600  
NAND2_X1M_A12TR40  sc12mc_cln40g_base_rvt_c40_ss_typical_max_0p81v_125c
                                  0.957600       3      2.872800  
NAND2_X1P4B_A12TR40
                   sc12mc_cln40g_base_rvt_c40_ss_typical_max_0p81v_125c
                                  1.596000       1      1.596000  
NAND2_X2A_A12TR40  sc12mc_cln40g_base_rvt_c40_ss_typical_max_0p81v_125c
                                  1.596000       7     11.172000  
NAND2_X2B_A12TR40  sc12mc_cln40g_base_rvt_c40_ss_typical_max_0p81v_125c
                                  1.596000       3      4.788000  
NAND2_X3A_A12TR40  sc12mc_cln40g_base_rvt_c40_ss_typical_max_0p81v_125c
                                  2.234400       2      4.468800  
NAND3BB_X0P5M_A12TR40
                   sc12mc_cln40g_base_rvt_c40_ss_typical_max_0p81v_125c
                                  1.596000      12     19.151999  
NAND3BB_X0P7M_A12TR40
                   sc12mc_cln40g_base_rvt_c40_ss_typical_max_0p81v_125c
                                  1.596000       2      3.192000  
NAND3BB_X1M_A12TR40
                   sc12mc_cln40g_base_rvt_c40_ss_typical_max_0p81v_125c
                                  1.596000       1      1.596000  
NAND3B_X0P5M_A12TR40
                   sc12mc_cln40g_base_rvt_c40_ss_typical_max_0p81v_125c
                                  1.596000       1      1.596000  
NAND3XXB_X0P5M_A12TR40
                   sc12mc_cln40g_base_rvt_c40_ss_typical_max_0p81v_125c
                                  1.596000       3      4.788000  
NAND3_X0P5A_A12TR40
                   sc12mc_cln40g_base_rvt_c40_ss_typical_max_0p81v_125c
                                  1.276800      12     15.321600  
NAND3_X0P5M_A12TR40
                   sc12mc_cln40g_base_rvt_c40_ss_typical_max_0p81v_125c
                                  1.276800      76     97.036803  
NAND3_X0P7A_A12TR40
                   sc12mc_cln40g_base_rvt_c40_ss_typical_max_0p81v_125c
                                  1.276800       3      3.830400  
NAND3_X1A_A12TR40  sc12mc_cln40g_base_rvt_c40_ss_typical_max_0p81v_125c
                                  1.276800       3      3.830400  
NAND4BB_X0P5M_A12TR40
                   sc12mc_cln40g_base_rvt_c40_ss_typical_max_0p81v_125c
                                  2.234400       4      8.937600  
NAND4B_X0P5M_A12TR40
                   sc12mc_cln40g_base_rvt_c40_ss_typical_max_0p81v_125c
                                  1.915200       2      3.830400  
NAND4XXXB_X0P5M_A12TR40
                   sc12mc_cln40g_base_rvt_c40_ss_typical_max_0p81v_125c
                                  1.915200       6     11.491200  
NAND4XXXB_X0P7M_A12TR40
                   sc12mc_cln40g_base_rvt_c40_ss_typical_max_0p81v_125c
                                  1.915200       2      3.830400  
NAND4XXXB_X1M_A12TR40
                   sc12mc_cln40g_base_rvt_c40_ss_typical_max_0p81v_125c
                                  1.915200       1      1.915200  
NAND4_X0P5A_A12TR40
                   sc12mc_cln40g_base_rvt_c40_ss_typical_max_0p81v_125c
                                  1.596000      14     22.343999  
NAND4_X0P5M_A12TR40
                   sc12mc_cln40g_base_rvt_c40_ss_typical_max_0p81v_125c
                                  1.596000      71    113.315997  
NAND4_X0P7A_A12TR40
                   sc12mc_cln40g_base_rvt_c40_ss_typical_max_0p81v_125c
                                  1.596000       5      7.980000  
NAND4_X1A_A12TR40  sc12mc_cln40g_base_rvt_c40_ss_typical_max_0p81v_125c
                                  1.596000       5      7.980000  
NOR2B_X0P5M_A12TR40
                   sc12mc_cln40g_base_rvt_c40_ss_typical_max_0p81v_125c
                                  1.276800      34     43.411201  
NOR2B_X0P7M_A12TR40
                   sc12mc_cln40g_base_rvt_c40_ss_typical_max_0p81v_125c
                                  1.276800       4      5.107200  
NOR2B_X1M_A12TR40  sc12mc_cln40g_base_rvt_c40_ss_typical_max_0p81v_125c
                                  1.276800      15     19.152001  
NOR2B_X1P4M_A12TR40
                   sc12mc_cln40g_base_rvt_c40_ss_typical_max_0p81v_125c
                                  1.915200       6     11.491200  
NOR2XB_X0P5M_A12TR40
                   sc12mc_cln40g_base_rvt_c40_ss_typical_max_0p81v_125c
                                  1.276800      24     30.643201  
NOR2XB_X0P7M_A12TR40
                   sc12mc_cln40g_base_rvt_c40_ss_typical_max_0p81v_125c
                                  1.276800       5      6.384000  
NOR2XB_X1M_A12TR40 sc12mc_cln40g_base_rvt_c40_ss_typical_max_0p81v_125c
                                  1.276800       5      6.384000  
NOR2XB_X1P4M_A12TR40
                   sc12mc_cln40g_base_rvt_c40_ss_typical_max_0p81v_125c
                                  1.915200       1      1.915200  
NOR2_X0P5B_A12TR40 sc12mc_cln40g_base_rvt_c40_ss_typical_max_0p81v_125c
                                  0.957600     167    159.919200  
NOR2_X0P5M_A12TR40 sc12mc_cln40g_base_rvt_c40_ss_typical_max_0p81v_125c
                                  0.957600     330    316.007999  
NOR2_X0P7B_A12TR40 sc12mc_cln40g_base_rvt_c40_ss_typical_max_0p81v_125c
                                  0.957600      18     17.236800  
NOR2_X0P7M_A12TR40 sc12mc_cln40g_base_rvt_c40_ss_typical_max_0p81v_125c
                                  0.957600      12     11.491200  
NOR2_X1A_A12TR40   sc12mc_cln40g_base_rvt_c40_ss_typical_max_0p81v_125c
                                  0.957600      11     10.533600  
NOR2_X1B_A12TR40   sc12mc_cln40g_base_rvt_c40_ss_typical_max_0p81v_125c
                                  0.957600      32     30.643200  
NOR2_X1M_A12TR40   sc12mc_cln40g_base_rvt_c40_ss_typical_max_0p81v_125c
                                  0.957600      11     10.533600  
NOR2_X1P4B_A12TR40 sc12mc_cln40g_base_rvt_c40_ss_typical_max_0p81v_125c
                                  1.596000      17     27.131999  
NOR2_X2A_A12TR40   sc12mc_cln40g_base_rvt_c40_ss_typical_max_0p81v_125c
                                  1.596000      13     20.747999  
NOR2_X2B_A12TR40   sc12mc_cln40g_base_rvt_c40_ss_typical_max_0p81v_125c
                                  1.596000       1      1.596000  
NOR2_X2M_A12TR40   sc12mc_cln40g_base_rvt_c40_ss_typical_max_0p81v_125c
                                  1.596000       1      1.596000  
NOR2_X3A_A12TR40   sc12mc_cln40g_base_rvt_c40_ss_typical_max_0p81v_125c
                                  2.234400       2      4.468800  
NOR2_X3B_A12TR40   sc12mc_cln40g_base_rvt_c40_ss_typical_max_0p81v_125c
                                  2.234400       1      2.234400  
NOR2_X3M_A12TR40   sc12mc_cln40g_base_rvt_c40_ss_typical_max_0p81v_125c
                                  2.234400       1      2.234400  
NOR2_X6A_A12TR40   sc12mc_cln40g_base_rvt_c40_ss_typical_max_0p81v_125c
                                  4.149600       1      4.149600  
NOR3BB_X0P5M_A12TR40
                   sc12mc_cln40g_base_rvt_c40_ss_typical_max_0p81v_125c
                                  1.596000      10     15.960000  
NOR3BB_X1M_A12TR40 sc12mc_cln40g_base_rvt_c40_ss_typical_max_0p81v_125c
                                  1.596000       2      3.192000  
NOR3_X0P5A_A12TR40 sc12mc_cln40g_base_rvt_c40_ss_typical_max_0p81v_125c
                                  1.276800      39     49.795201  
NOR3_X0P5M_A12TR40 sc12mc_cln40g_base_rvt_c40_ss_typical_max_0p81v_125c
                                  1.276800      14     17.875201  
NOR3_X0P7A_A12TR40 sc12mc_cln40g_base_rvt_c40_ss_typical_max_0p81v_125c
                                  1.276800       4      5.107200  
NOR3_X0P7M_A12TR40 sc12mc_cln40g_base_rvt_c40_ss_typical_max_0p81v_125c
                                  1.276800       1      1.276800  
NOR3_X1A_A12TR40   sc12mc_cln40g_base_rvt_c40_ss_typical_max_0p81v_125c
                                  1.276800       5      6.384000  
NOR3_X1M_A12TR40   sc12mc_cln40g_base_rvt_c40_ss_typical_max_0p81v_125c
                                  1.276800       7      8.937600  
NOR3_X1P4M_A12TR40 sc12mc_cln40g_base_rvt_c40_ss_typical_max_0p81v_125c
                                  2.234400       4      8.937600  
NOR3_X2A_A12TR40   sc12mc_cln40g_base_rvt_c40_ss_typical_max_0p81v_125c
                                  2.234400       1      2.234400  
NOR4BB_X0P5M_A12TR40
                   sc12mc_cln40g_base_rvt_c40_ss_typical_max_0p81v_125c
                                  1.915200      22     42.134400  
NOR4BB_X2M_A12TR40 sc12mc_cln40g_base_rvt_c40_ss_typical_max_0p81v_125c
                                  2.872800       2      5.745600  
OA1B2_X0P5M_A12TR40
                   sc12mc_cln40g_base_rvt_c40_ss_typical_max_0p81v_125c
                                  1.596000      12     19.151999  
OA1B2_X1M_A12TR40  sc12mc_cln40g_base_rvt_c40_ss_typical_max_0p81v_125c
                                  1.596000       8     12.768000  
OA1B2_X2M_A12TR40  sc12mc_cln40g_base_rvt_c40_ss_typical_max_0p81v_125c
                                  2.234400       1      2.234400  
OA21A1OI2_X0P5M_A12TR40
                   sc12mc_cln40g_base_rvt_c40_ss_typical_max_0p81v_125c
                                  1.915200      28     53.625600  
OA21A1OI2_X1M_A12TR40
                   sc12mc_cln40g_base_rvt_c40_ss_typical_max_0p81v_125c
                                  1.915200       5      9.576000  
OA21_X0P5M_A12TR40 sc12mc_cln40g_base_rvt_c40_ss_typical_max_0p81v_125c
                                  1.915200       7     13.406400  
OA21_X0P7M_A12TR40 sc12mc_cln40g_base_rvt_c40_ss_typical_max_0p81v_125c
                                  1.915200       1      1.915200  
OA21_X1M_A12TR40   sc12mc_cln40g_base_rvt_c40_ss_typical_max_0p81v_125c
                                  1.915200       2      3.830400  
OA22_X0P5M_A12TR40 sc12mc_cln40g_base_rvt_c40_ss_typical_max_0p81v_125c
                                  2.234400     103    230.143203  
OA22_X0P7M_A12TR40 sc12mc_cln40g_base_rvt_c40_ss_typical_max_0p81v_125c
                                  2.234400       2      4.468800  
OA211_X0P5M_A12TR40
                   sc12mc_cln40g_base_rvt_c40_ss_typical_max_0p81v_125c
                                  2.234400       2      4.468800  
OA211_X0P7M_A12TR40
                   sc12mc_cln40g_base_rvt_c40_ss_typical_max_0p81v_125c
                                  2.234400       1      2.234400  
OAI2XB1_X0P5M_A12TR40
                   sc12mc_cln40g_base_rvt_c40_ss_typical_max_0p81v_125c
                                  1.915200       3      5.745600  
OAI2XB1_X0P7M_A12TR40
                   sc12mc_cln40g_base_rvt_c40_ss_typical_max_0p81v_125c
                                  1.915200       5      9.576000  
OAI2XB1_X1M_A12TR40
                   sc12mc_cln40g_base_rvt_c40_ss_typical_max_0p81v_125c
                                  1.915200      46     88.099200  
OAI2XB1_X1P4M_A12TR40
                   sc12mc_cln40g_base_rvt_c40_ss_typical_max_0p81v_125c
                                  2.872800       1      2.872800  
OAI2XB1_X2M_A12TR40
                   sc12mc_cln40g_base_rvt_c40_ss_typical_max_0p81v_125c
                                  2.872800      20     57.456002  
OAI21_X0P5M_A12TR40
                   sc12mc_cln40g_base_rvt_c40_ss_typical_max_0p81v_125c
                                  1.276800     633    808.214423  
OAI21_X0P7M_A12TR40
                   sc12mc_cln40g_base_rvt_c40_ss_typical_max_0p81v_125c
                                  1.276800      12     15.321600  
OAI21_X1M_A12TR40  sc12mc_cln40g_base_rvt_c40_ss_typical_max_0p81v_125c
                                  1.276800      42     53.625602  
OAI21_X1P4M_A12TR40
                   sc12mc_cln40g_base_rvt_c40_ss_typical_max_0p81v_125c
                                  2.234400       6     13.406400  
OAI21_X2M_A12TR40  sc12mc_cln40g_base_rvt_c40_ss_typical_max_0p81v_125c
                                  2.234400      23     51.391201  
OAI22BB_X0P5M_A12TR40
                   sc12mc_cln40g_base_rvt_c40_ss_typical_max_0p81v_125c
                                  2.234400      23     51.391201  
OAI22BB_X1M_A12TR40
                   sc12mc_cln40g_base_rvt_c40_ss_typical_max_0p81v_125c
                                  2.234400       5     11.172000  
OAI22_X0P5M_A12TR40
                   sc12mc_cln40g_base_rvt_c40_ss_typical_max_0p81v_125c
                                  1.596000     373    595.307984  
OAI22_X0P7M_A12TR40
                   sc12mc_cln40g_base_rvt_c40_ss_typical_max_0p81v_125c
                                  1.596000      14     22.343999  
OAI22_X1M_A12TR40  sc12mc_cln40g_base_rvt_c40_ss_typical_max_0p81v_125c
                                  1.596000       5      7.980000  
OAI31_X0P5M_A12TR40
                   sc12mc_cln40g_base_rvt_c40_ss_typical_max_0p81v_125c
                                  1.596000     123    196.307995  
OAI31_X0P7M_A12TR40
                   sc12mc_cln40g_base_rvt_c40_ss_typical_max_0p81v_125c
                                  1.596000       1      1.596000  
OAI31_X1M_A12TR40  sc12mc_cln40g_base_rvt_c40_ss_typical_max_0p81v_125c
                                  1.596000       7     11.172000  
OAI31_X6M_A12TR40  sc12mc_cln40g_base_rvt_c40_ss_typical_max_0p81v_125c
                                  8.299200       1      8.299200  
OAI211_X0P5M_A12TR40
                   sc12mc_cln40g_base_rvt_c40_ss_typical_max_0p81v_125c
                                  1.596000     273    435.707988  
OAI211_X0P7M_A12TR40
                   sc12mc_cln40g_base_rvt_c40_ss_typical_max_0p81v_125c
                                  1.596000      10     15.960000  
OAI211_X1M_A12TR40 sc12mc_cln40g_base_rvt_c40_ss_typical_max_0p81v_125c
                                  1.596000      36     57.455998  
OAI211_X1P4M_A12TR40
                   sc12mc_cln40g_base_rvt_c40_ss_typical_max_0p81v_125c
                                  2.872800       3      8.618400  
OAI211_X2M_A12TR40 sc12mc_cln40g_base_rvt_c40_ss_typical_max_0p81v_125c
                                  2.872800       9     25.855201  
OAI211_X3M_A12TR40 sc12mc_cln40g_base_rvt_c40_ss_typical_max_0p81v_125c
                                  4.149600       1      4.149600  
OAI221_X0P5M_A12TR40
                   sc12mc_cln40g_base_rvt_c40_ss_typical_max_0p81v_125c
                                  2.234400      34     75.969601  
OAI221_X0P7M_A12TR40
                   sc12mc_cln40g_base_rvt_c40_ss_typical_max_0p81v_125c
                                  2.234400       1      2.234400  
OAI222_X0P5M_A12TR40
                   sc12mc_cln40g_base_rvt_c40_ss_typical_max_0p81v_125c
                                  2.553600      58    148.108804  
OAI222_X0P7M_A12TR40
                   sc12mc_cln40g_base_rvt_c40_ss_typical_max_0p81v_125c
                                  2.553600       2      5.107200  
OR2_X0P5B_A12TR40  sc12mc_cln40g_base_rvt_c40_ss_typical_max_0p81v_125c
                                  1.276800      52     66.393602  
OR2_X0P5M_A12TR40  sc12mc_cln40g_base_rvt_c40_ss_typical_max_0p81v_125c
                                  1.276800       1      1.276800  
OR2_X0P7B_A12TR40  sc12mc_cln40g_base_rvt_c40_ss_typical_max_0p81v_125c
                                  1.276800       3      3.830400  
OR2_X1B_A12TR40    sc12mc_cln40g_base_rvt_c40_ss_typical_max_0p81v_125c
                                  1.276800       8     10.214400  
OR2_X1M_A12TR40    sc12mc_cln40g_base_rvt_c40_ss_typical_max_0p81v_125c
                                  1.276800       1      1.276800  
OR2_X1P4M_A12TR40  sc12mc_cln40g_base_rvt_c40_ss_typical_max_0p81v_125c
                                  1.596000       1      1.596000  
OR3_X0P5M_A12TR40  sc12mc_cln40g_base_rvt_c40_ss_typical_max_0p81v_125c
                                  1.915200       2      3.830400  
OR3_X0P7M_A12TR40  sc12mc_cln40g_base_rvt_c40_ss_typical_max_0p81v_125c
                                  1.915200       1      1.915200  
OR4_X0P5M_A12TR40  sc12mc_cln40g_base_rvt_c40_ss_typical_max_0p81v_125c
                                  2.553600      10     25.536001  
OR4_X0P7M_A12TR40  sc12mc_cln40g_base_rvt_c40_ss_typical_max_0p81v_125c
                                  2.553600       1      2.553600  
TIEHI_X1M_A12TR40  sc12mc_cln40g_base_rvt_c40_ss_typical_max_0p81v_125c
                                  0.957600       1      0.957600  
TIELO_X1M_A12TR40  sc12mc_cln40g_base_rvt_c40_ss_typical_max_0p81v_125c
                                  0.957600       1      0.957600  
XNOR2_X0P5M_A12TR40
                   sc12mc_cln40g_base_rvt_c40_ss_typical_max_0p81v_125c
                                  2.553600      70    178.752005  
XNOR2_X0P7M_A12TR40
                   sc12mc_cln40g_base_rvt_c40_ss_typical_max_0p81v_125c
                                  2.553600       6     15.321600  
XNOR2_X1M_A12TR40  sc12mc_cln40g_base_rvt_c40_ss_typical_max_0p81v_125c
                                  2.553600       2      5.107200  
XNOR3_X0P5M_A12TR40
                   sc12mc_cln40g_base_rvt_c40_ss_typical_max_0p81v_125c
                                  4.149600       3     12.448800  
XOR2_X0P5M_A12TR40 sc12mc_cln40g_base_rvt_c40_ss_typical_max_0p81v_125c
                                  2.234400     326    728.414411  
XOR2_X0P7M_A12TR40 sc12mc_cln40g_base_rvt_c40_ss_typical_max_0p81v_125c
                                  2.234400       5     11.172000  
XOR3_X0P5M_A12TR40 sc12mc_cln40g_base_rvt_c40_ss_typical_max_0p81v_125c
                                  5.426400       9     48.837602  
cv32e40px_alu                  3472.257627       1   3472.257627  h, n
cv32e40px_cs_registers_N_HWLP2_APU1_A_EXTENSION0_FPU1_ZFINX0_PULP_SECURE0_USE_PMP0_N_PMP_ENTRIES16_NUM_MHPMCOUNTERS1_COREV_PULP0_COREV_CLUSTER0_DEBUG_TRIGGER_EN1
                               5769.859293       1   5769.859293  h, n
cv32e40px_id_stage_COREV_X_IF0_COREV_PULP0_COREV_CLUSTER0_N_HWLP2_PULP_SECURE0_USE_PMP0_A_EXTENSION0_APU1_FPU1_FPU_ADDMUL_LAT0_FPU_OTHERS_LAT0_ZFINX0_APU_NARGS_CPU3_APU_WOP_CPU6_APU_NDSFLAGS_CPU15_APU_NUSFLAGS_CPU5_DEBUG_TRIGGER_EN1
                              30527.650200       1  30527.650200  h, n
fpnew_fma_multi_10_00000000_1__logic_Z_1yB__790242
                               8304.307270       1   8304.307270  h
-----------------------------------------------------------------------------
Total 214 references                                65754.881788
1
