 
****************************************
Report : reference
Design : dma_apu_arbiter
Version: S-2021.06-SP5
Date   : Sun Jul  5 15:21:51 2026
****************************************

Attributes:
    b - black box (unknown)
   bo - allows boundary optimization
    d - dont_touch
   mo - map_only
    h - hierarchical
    n - noncombinational
    r - removable
    s - synthetic operator
    u - contains unmapped logic

Reference          Library       Unit Area   Count    Total Area   Attributes
-----------------------------------------------------------------------------
AND2_X0P5B_A12TR40 sc12mc_cln40g_base_rvt_c40_ss_typical_max_0p81v_125c
                                  1.276800       2      2.553600  
AO1B2_X0P5M_A12TR40
                   sc12mc_cln40g_base_rvt_c40_ss_typical_max_0p81v_125c
                                  1.596000       1      1.596000  
AO21A1AI2_X0P5M_A12TR40
                   sc12mc_cln40g_base_rvt_c40_ss_typical_max_0p81v_125c
                                  1.915200       1      1.915200  
AO22_X0P5M_A12TR40 sc12mc_cln40g_base_rvt_c40_ss_typical_max_0p81v_125c
                                  2.234400     117    261.424804  
BUF_X1B_A12TR40    sc12mc_cln40g_base_rvt_c40_ss_typical_max_0p81v_125c
                                  0.957600       1      0.957600  
DFFRPQ_X0P5M_A12TR40
                   sc12mc_cln40g_base_rvt_c40_ss_typical_max_0p81v_125c
                                  5.745600       4     22.982401  n
INV_X0P5B_A12TR40  sc12mc_cln40g_base_rvt_c40_ss_typical_max_0p81v_125c
                                  0.638400       5      3.192000  
INV_X1M_A12TR40    sc12mc_cln40g_base_rvt_c40_ss_typical_max_0p81v_125c
                                  0.638400       1      0.638400  
INV_X1P2B_A12TR40  sc12mc_cln40g_base_rvt_c40_ss_typical_max_0p81v_125c
                                  0.957600       1      0.957600  
INV_X2M_A12TR40    sc12mc_cln40g_base_rvt_c40_ss_typical_max_0p81v_125c
                                  0.957600       1      0.957600  
NAND2B_X0P5M_A12TR40
                   sc12mc_cln40g_base_rvt_c40_ss_typical_max_0p81v_125c
                                  1.276800       1      1.276800  
NAND2_X0P5M_A12TR40
                   sc12mc_cln40g_base_rvt_c40_ss_typical_max_0p81v_125c
                                  0.957600       6      5.745600  
NOR2B_X0P5M_A12TR40
                   sc12mc_cln40g_base_rvt_c40_ss_typical_max_0p81v_125c
                                  1.276800       2      2.553600  
NOR2_X0P5B_A12TR40 sc12mc_cln40g_base_rvt_c40_ss_typical_max_0p81v_125c
                                  0.957600       1      0.957600  
NOR3_X1M_A12TR40   sc12mc_cln40g_base_rvt_c40_ss_typical_max_0p81v_125c
                                  1.276800       1      1.276800  
OA21_X0P5M_A12TR40 sc12mc_cln40g_base_rvt_c40_ss_typical_max_0p81v_125c
                                  1.915200       1      1.915200  
OAI21_X0P5M_A12TR40
                   sc12mc_cln40g_base_rvt_c40_ss_typical_max_0p81v_125c
                                  1.276800       3      3.830400  
OAI22_X0P5M_A12TR40
                   sc12mc_cln40g_base_rvt_c40_ss_typical_max_0p81v_125c
                                  1.596000       1      1.596000  
OAI211_X1M_A12TR40 sc12mc_cln40g_base_rvt_c40_ss_typical_max_0p81v_125c
                                  1.596000       1      1.596000  
OR2_X0P5B_A12TR40  sc12mc_cln40g_base_rvt_c40_ss_typical_max_0p81v_125c
                                  1.276800       1      1.276800  
XOR2_X0P5M_A12TR40 sc12mc_cln40g_base_rvt_c40_ss_typical_max_0p81v_125c
                                  2.234400       1      2.234400  
-----------------------------------------------------------------------------
Total 21 references                                   321.434405
1
