 
****************************************
Report : timing
        -path full
        -delay max
        -max_paths 1
Design : dma_fp_dot_accel
Version: S-2021.06-SP5
Date   : Sun Jul  5 15:22:16 2026
****************************************

Operating Conditions: ss_typical_max_0p81v_125c   Library: sc12mc_cln40g_base_rvt_c40_ss_typical_max_0p81v_125c
Wire Load Model Mode: top

  Startpoint: cnt_q_reg[0]
              (rising edge-triggered flip-flop clocked by clk)
  Endpoint: state_q_reg[2]
            (rising edge-triggered flip-flop clocked by clk)
  Path Group: clk
  Path Type: max

  Des/Clust/Port     Wire Load Model       Library
  ------------------------------------------------
  dma_fp_dot_accel   Small                 sc12mc_cln40g_base_rvt_c40_ss_typical_max_0p81v_125c

  Point                                                   Incr       Path
  --------------------------------------------------------------------------
  clock clk (rise edge)                                   0.00       0.00
  clock network delay (ideal)                             0.00       0.00
  cnt_q_reg[0]/CK (DFFRPQ_X0P5M_A12TR40)                  0.00       0.00 r
  cnt_q_reg[0]/Q (DFFRPQ_X0P5M_A12TR40)                   0.22       0.22 r
  U280/Y (NAND3_X0P5M_A12TR40)                            0.14       0.36 f
  U282/Y (NOR2_X0P5M_A12TR40)                             0.18       0.55 r
  U283/Y (NAND2_X0P5M_A12TR40)                            0.12       0.67 f
  U158/Y (NOR2_X0P5M_A12TR40)                             0.18       0.85 r
  U297/Y (NAND2_X0P5M_A12TR40)                            0.12       0.97 f
  U299/Y (NOR2_X0P5M_A12TR40)                             0.18       1.15 r
  U300/Y (NAND2_X0P5M_A12TR40)                            0.10       1.25 f
  U305/Y (INV_X0P5B_A12TR40)                              0.10       1.34 r
  U306/Y (NAND2_X0P5M_A12TR40)                            0.09       1.43 f
  U347/Y (NOR2_X0P5M_A12TR40)                             0.16       1.60 r
  U351/Y (NAND2_X0P5M_A12TR40)                            0.12       1.72 f
  U418/Y (NOR2_X0P5M_A12TR40)                             0.18       1.90 r
  U421/Y (NAND2_X0P5M_A12TR40)                            0.10       2.00 f
  U424/Y (INV_X0P5B_A12TR40)                              0.10       2.10 r
  U427/Y (NAND2_X0P5M_A12TR40)                            0.06       2.16 f
  U428/Y (XOR2_X0P5M_A12TR40)                             0.14       2.30 r
  U452/Y (OAI22_X0P5M_A12TR40)                            0.11       2.41 f
  U453/Y (AOI221_X0P5M_A12TR40)                           0.12       2.53 r
  U454/Y (OAI211_X0P5M_A12TR40)                           0.09       2.62 f
  U455/Y (AOI21_X0P5M_A12TR40)                            0.09       2.71 r
  U456/Y (AOI22_X0P5M_A12TR40)                            0.07       2.78 f
  U457/Y (OAI21_X0P5M_A12TR40)                            0.09       2.87 r
  state_q_reg[2]/D (DFFRPQ_X0P5M_A12TR40)                 0.00       2.87 r
  data arrival time                                                  2.87

  clock clk (rise edge)                                  10.00      10.00
  clock network delay (ideal)                             0.00      10.00
  state_q_reg[2]/CK (DFFRPQ_X0P5M_A12TR40)                0.00      10.00 r
  library setup time                                     -0.07       9.93
  data required time                                                 9.93
  --------------------------------------------------------------------------
  data required time                                                 9.93
  data arrival time                                                 -2.87
  --------------------------------------------------------------------------
  slack (MET)                                                        7.07


1
