 
****************************************
Report : timing
        -path full
        -delay max
        -max_paths 1
Design : cv32e40px_fp_wrapper
Version: S-2021.06-SP5
Date   : Sun Jul  5 15:21:26 2026
****************************************

Operating Conditions: ss_typical_max_0p81v_125c   Library: sc12mc_cln40g_base_rvt_c40_ss_typical_max_0p81v_125c
Wire Load Model Mode: top

  Startpoint: i_fpnew_bulk/gen_operation_groups[1].i_opgroup_block/gen_merged_slice.i_multifmt_slice/gen_num_lanes[0].active_lane.lane_instance.genblk1.i_fpnew_divsqrt_multi_th/i_divsqrt_thead/x_pa_fdsu_ctrl/wb_cur_state_reg[1]
              (rising edge-triggered flip-flop clocked by clk)
  Endpoint: i_fpnew_bulk/gen_operation_groups[1].i_opgroup_block/gen_merged_slice.i_multifmt_slice/gen_num_lanes[0].active_lane.lane_instance.genblk1.i_fpnew_divsqrt_multi_th/i_divsqrt_thead/x_pa_fdsu_srt/srt_remainder_reg[5]
            (rising edge-triggered flip-flop clocked by clk)
  Path Group: clk
  Path Type: max

  Des/Clust/Port     Wire Load Model       Library
  ------------------------------------------------
  cv32e40px_fp_wrapper
                     Small                 sc12mc_cln40g_base_rvt_c40_ss_typical_max_0p81v_125c

  Point                                                   Incr       Path
  --------------------------------------------------------------------------
  clock clk (rise edge)                                   0.00       0.00
  clock network delay (ideal)                             0.00       0.00
  i_fpnew_bulk/gen_operation_groups[1].i_opgroup_block/gen_merged_slice.i_multifmt_slice/gen_num_lanes[0].active_lane.lane_instance.genblk1.i_fpnew_divsqrt_multi_th/i_divsqrt_thead/x_pa_fdsu_ctrl/wb_cur_state_reg[1]/CK (DFFRPQ_X0P5M_A12TR40)
                                                          0.00       0.00 r
  i_fpnew_bulk/gen_operation_groups[1].i_opgroup_block/gen_merged_slice.i_multifmt_slice/gen_num_lanes[0].active_lane.lane_instance.genblk1.i_fpnew_divsqrt_multi_th/i_divsqrt_thead/x_pa_fdsu_ctrl/wb_cur_state_reg[1]/Q (DFFRPQ_X0P5M_A12TR40)
                                                          0.15       0.15 r
  U3415/Y (NOR2_X0P5B_A12TR40)                            0.10       0.25 f
  U3416/Y (AOI21_X0P5M_A12TR40)                           0.19       0.45 r
  U3419/Y (NOR2XB_X0P5M_A12TR40)                          0.29       0.74 r
  U3420/Y (INV_X0P5B_A12TR40)                             0.23       0.96 f
  U3421/Y (NAND2_X0P5M_A12TR40)                           0.18       1.14 r
  U3425/Y (NAND2_X0P5M_A12TR40)                           0.12       1.26 f
  U3433/Y (OR2_X1B_A12TR40)                               0.38       1.64 f
  U3435/Y (AOI21_X0P5M_A12TR40)                           0.50       2.14 r
  U3314/Y (NOR2_X0P5M_A12TR40)                            0.38       2.52 f
  U3436/Y (INV_X0P5B_A12TR40)                             0.29       2.81 r
  U3292/Y (NAND2_X0P7B_A12TR40)                           0.41       3.21 f
  U6472/Y (OAI22_X0P7M_A12TR40)                           0.50       3.71 r
  i_fpnew_bulk/gen_operation_groups[1].i_opgroup_block/gen_merged_slice.i_multifmt_slice/gen_num_lanes[0].active_lane.lane_instance.genblk1.i_fpnew_divsqrt_multi_th/i_divsqrt_thead/x_pa_fdsu_prepare/x_frac_expnt/frac_num[51] (pa_fdsu_ff1)
                                                          0.00       3.71 r
  i_fpnew_bulk/gen_operation_groups[1].i_opgroup_block/gen_merged_slice.i_multifmt_slice/gen_num_lanes[0].active_lane.lane_instance.genblk1.i_fpnew_divsqrt_multi_th/i_divsqrt_thead/x_pa_fdsu_prepare/x_frac_expnt/U16/Y (NOR3_X0P5A_A12TR40)
                                                          0.19       3.90 f
  i_fpnew_bulk/gen_operation_groups[1].i_opgroup_block/gen_merged_slice.i_multifmt_slice/gen_num_lanes[0].active_lane.lane_instance.genblk1.i_fpnew_divsqrt_multi_th/i_divsqrt_thead/x_pa_fdsu_prepare/x_frac_expnt/U21/Y (NOR2B_X0P5M_A12TR40)
                                                          0.15       4.05 f
  i_fpnew_bulk/gen_operation_groups[1].i_opgroup_block/gen_merged_slice.i_multifmt_slice/gen_num_lanes[0].active_lane.lane_instance.genblk1.i_fpnew_divsqrt_multi_th/i_divsqrt_thead/x_pa_fdsu_prepare/x_frac_expnt/U27/Y (NAND2_X0P5M_A12TR40)
                                                          0.12       4.18 r
  i_fpnew_bulk/gen_operation_groups[1].i_opgroup_block/gen_merged_slice.i_multifmt_slice/gen_num_lanes[0].active_lane.lane_instance.genblk1.i_fpnew_divsqrt_multi_th/i_divsqrt_thead/x_pa_fdsu_prepare/x_frac_expnt/U3/Y (NOR2_X0P5M_A12TR40)
                                                          0.09       4.27 f
  i_fpnew_bulk/gen_operation_groups[1].i_opgroup_block/gen_merged_slice.i_multifmt_slice/gen_num_lanes[0].active_lane.lane_instance.genblk1.i_fpnew_divsqrt_multi_th/i_divsqrt_thead/x_pa_fdsu_prepare/x_frac_expnt/U29/Y (NAND2_X0P5M_A12TR40)
                                                          0.13       4.41 r
  i_fpnew_bulk/gen_operation_groups[1].i_opgroup_block/gen_merged_slice.i_multifmt_slice/gen_num_lanes[0].active_lane.lane_instance.genblk1.i_fpnew_divsqrt_multi_th/i_divsqrt_thead/x_pa_fdsu_prepare/x_frac_expnt/U30/Y (OR2_X0P5B_A12TR40)
                                                          0.11       4.51 r
  i_fpnew_bulk/gen_operation_groups[1].i_opgroup_block/gen_merged_slice.i_multifmt_slice/gen_num_lanes[0].active_lane.lane_instance.genblk1.i_fpnew_divsqrt_multi_th/i_divsqrt_thead/x_pa_fdsu_prepare/x_frac_expnt/U41/Y (NOR2_X0P5B_A12TR40)
                                                          0.08       4.60 f
  i_fpnew_bulk/gen_operation_groups[1].i_opgroup_block/gen_merged_slice.i_multifmt_slice/gen_num_lanes[0].active_lane.lane_instance.genblk1.i_fpnew_divsqrt_multi_th/i_divsqrt_thead/x_pa_fdsu_prepare/x_frac_expnt/U43/Y (NAND2_X0P5M_A12TR40)
                                                          0.14       4.74 r
  i_fpnew_bulk/gen_operation_groups[1].i_opgroup_block/gen_merged_slice.i_multifmt_slice/gen_num_lanes[0].active_lane.lane_instance.genblk1.i_fpnew_divsqrt_multi_th/i_divsqrt_thead/x_pa_fdsu_prepare/x_frac_expnt/U44/Y (NOR2_X0P5B_A12TR40)
                                                          0.11       4.85 f
  i_fpnew_bulk/gen_operation_groups[1].i_opgroup_block/gen_merged_slice.i_multifmt_slice/gen_num_lanes[0].active_lane.lane_instance.genblk1.i_fpnew_divsqrt_multi_th/i_divsqrt_thead/x_pa_fdsu_prepare/x_frac_expnt/U46/Y (NAND2_X0P5M_A12TR40)
                                                          0.14       4.99 r
  i_fpnew_bulk/gen_operation_groups[1].i_opgroup_block/gen_merged_slice.i_multifmt_slice/gen_num_lanes[0].active_lane.lane_instance.genblk1.i_fpnew_divsqrt_multi_th/i_divsqrt_thead/x_pa_fdsu_prepare/x_frac_expnt/U4/Y (NOR2_X0P5M_A12TR40)
                                                          0.10       5.09 f
  i_fpnew_bulk/gen_operation_groups[1].i_opgroup_block/gen_merged_slice.i_multifmt_slice/gen_num_lanes[0].active_lane.lane_instance.genblk1.i_fpnew_divsqrt_multi_th/i_divsqrt_thead/x_pa_fdsu_prepare/x_frac_expnt/U49/Y (NAND2_X0P5M_A12TR40)
                                                          0.14       5.23 r
  i_fpnew_bulk/gen_operation_groups[1].i_opgroup_block/gen_merged_slice.i_multifmt_slice/gen_num_lanes[0].active_lane.lane_instance.genblk1.i_fpnew_divsqrt_multi_th/i_divsqrt_thead/x_pa_fdsu_prepare/x_frac_expnt/U50/Y (OR2_X0P5B_A12TR40)
                                                          0.12       5.35 r
  i_fpnew_bulk/gen_operation_groups[1].i_opgroup_block/gen_merged_slice.i_multifmt_slice/gen_num_lanes[0].active_lane.lane_instance.genblk1.i_fpnew_divsqrt_multi_th/i_divsqrt_thead/x_pa_fdsu_prepare/x_frac_expnt/U12/Y (NOR2_X0P5M_A12TR40)
                                                          0.09       5.44 f
  i_fpnew_bulk/gen_operation_groups[1].i_opgroup_block/gen_merged_slice.i_multifmt_slice/gen_num_lanes[0].active_lane.lane_instance.genblk1.i_fpnew_divsqrt_multi_th/i_divsqrt_thead/x_pa_fdsu_prepare/x_frac_expnt/U54/Y (NAND3_X0P5M_A12TR40)
                                                          0.18       5.62 r
  i_fpnew_bulk/gen_operation_groups[1].i_opgroup_block/gen_merged_slice.i_multifmt_slice/gen_num_lanes[0].active_lane.lane_instance.genblk1.i_fpnew_divsqrt_multi_th/i_divsqrt_thead/x_pa_fdsu_prepare/x_frac_expnt/U5/Y (NOR2_X0P5M_A12TR40)
                                                          0.13       5.76 f
  i_fpnew_bulk/gen_operation_groups[1].i_opgroup_block/gen_merged_slice.i_multifmt_slice/gen_num_lanes[0].active_lane.lane_instance.genblk1.i_fpnew_divsqrt_multi_th/i_divsqrt_thead/x_pa_fdsu_prepare/x_frac_expnt/U28/Y (NAND3_X0P5M_A12TR40)
                                                          0.26       6.02 r
  i_fpnew_bulk/gen_operation_groups[1].i_opgroup_block/gen_merged_slice.i_multifmt_slice/gen_num_lanes[0].active_lane.lane_instance.genblk1.i_fpnew_divsqrt_multi_th/i_divsqrt_thead/x_pa_fdsu_prepare/x_frac_expnt/U143/Y (NOR2_X0P5M_A12TR40)
                                                          0.17       6.19 f
  i_fpnew_bulk/gen_operation_groups[1].i_opgroup_block/gen_merged_slice.i_multifmt_slice/gen_num_lanes[0].active_lane.lane_instance.genblk1.i_fpnew_divsqrt_multi_th/i_divsqrt_thead/x_pa_fdsu_prepare/x_frac_expnt/U151/Y (NOR3_X0P5A_A12TR40)
                                                          0.14       6.33 r
  i_fpnew_bulk/gen_operation_groups[1].i_opgroup_block/gen_merged_slice.i_multifmt_slice/gen_num_lanes[0].active_lane.lane_instance.genblk1.i_fpnew_divsqrt_multi_th/i_divsqrt_thead/x_pa_fdsu_prepare/x_frac_expnt/U152/Y (NAND4_X0P5A_A12TR40)
                                                          0.19       6.52 f
  i_fpnew_bulk/gen_operation_groups[1].i_opgroup_block/gen_merged_slice.i_multifmt_slice/gen_num_lanes[0].active_lane.lane_instance.genblk1.i_fpnew_divsqrt_multi_th/i_divsqrt_thead/x_pa_fdsu_prepare/x_frac_expnt/frac_bin_val[0] (pa_fdsu_ff1)
                                                          0.00       6.52 f
  U5261/Y (AOI22_X0P5M_A12TR40)                           0.18       6.70 r
  U5264/Y (INV_X0P5B_A12TR40)                             0.09       6.79 f
  U5265/Y (OAI22_X0P5M_A12TR40)                           0.37       7.17 r
  U3311/Y (INV_X0P5B_A12TR40)                             0.48       7.65 f
  U5281/Y (NOR2_X0P5M_A12TR40)                            0.28       7.93 r
  U5292/Y (AOI21_X0P5M_A12TR40)                           0.11       8.04 f
  U5295/Y (NAND3_X0P5M_A12TR40)                           0.10       8.14 r
  i_fpnew_bulk/gen_operation_groups[1].i_opgroup_block/gen_merged_slice.i_multifmt_slice/gen_num_lanes[0].active_lane.lane_instance.genblk1.i_fpnew_divsqrt_multi_th/i_divsqrt_thead/x_pa_fdsu_srt/srt_remainder_reg[5]/D (DFFQ_X0P5M_A12TR40)
                                                          0.00       8.14 r
  data arrival time                                                  8.14

  clock clk (rise edge)                                  10.00      10.00
  clock network delay (ideal)                             0.00      10.00
  i_fpnew_bulk/gen_operation_groups[1].i_opgroup_block/gen_merged_slice.i_multifmt_slice/gen_num_lanes[0].active_lane.lane_instance.genblk1.i_fpnew_divsqrt_multi_th/i_divsqrt_thead/x_pa_fdsu_srt/srt_remainder_reg[5]/CK (DFFQ_X0P5M_A12TR40)
                                                          0.00      10.00 r
  library setup time                                     -0.07       9.93
  data required time                                                 9.93
  --------------------------------------------------------------------------
  data required time                                                 9.93
  data arrival time                                                 -8.14
  --------------------------------------------------------------------------
  slack (MET)                                                        1.79


1
