 
****************************************
Report : timing
        -path full
        -delay max
        -max_paths 1
Design : dma_apu_arbiter
Version: S-2021.06-SP5
Date   : Sun Jul  5 15:21:51 2026
****************************************

Operating Conditions: ss_typical_max_0p81v_125c   Library: sc12mc_cln40g_base_rvt_c40_ss_typical_max_0p81v_125c
Wire Load Model Mode: top

  Startpoint: inflight_q_reg[0]
              (rising edge-triggered flip-flop clocked by clk)
  Endpoint: inflight_q_reg[2]
            (rising edge-triggered flip-flop clocked by clk)
  Path Group: clk
  Path Type: max

  Des/Clust/Port     Wire Load Model       Library
  ------------------------------------------------
  dma_apu_arbiter    Small                 sc12mc_cln40g_base_rvt_c40_ss_typical_max_0p81v_125c

  Point                                                   Incr       Path
  --------------------------------------------------------------------------
  clock clk (rise edge)                                   0.00       0.00
  clock network delay (ideal)                             0.00       0.00
  inflight_q_reg[0]/CK (DFFRPQ_X0P5M_A12TR40)             0.00       0.00 r
  inflight_q_reg[0]/Q (DFFRPQ_X0P5M_A12TR40)              0.19       0.19 r
  U149/Y (NOR3_X1M_A12TR40)                               0.11       0.29 f
  U155/Y (OAI211_X1M_A12TR40)                             0.42       0.72 r
  U156/Y (INV_X1M_A12TR40)                                0.40       1.12 f
  U147/Y (INV_X2M_A12TR40)                                0.51       1.63 r
  U159/Y (OAI21_X0P5M_A12TR40)                            0.20       1.83 f
  U285/Y (AO1B2_X0P5M_A12TR40)                            0.17       2.01 f
  U286/Y (OAI21_X0P5M_A12TR40)                            0.12       2.12 r
  U287/Y (NAND2_X0P5M_A12TR40)                            0.13       2.25 f
  U294/Y (OAI22_X0P5M_A12TR40)                            0.10       2.35 r
  U295/Y (XOR2_X0P5M_A12TR40)                             0.10       2.45 r
  inflight_q_reg[2]/D (DFFRPQ_X0P5M_A12TR40)              0.00       2.45 r
  data arrival time                                                  2.45

  clock clk (rise edge)                                  10.00      10.00
  clock network delay (ideal)                             0.00      10.00
  inflight_q_reg[2]/CK (DFFRPQ_X0P5M_A12TR40)             0.00      10.00 r
  library setup time                                     -0.07       9.93
  data required time                                                 9.93
  --------------------------------------------------------------------------
  data required time                                                 9.93
  data arrival time                                                 -2.45
  --------------------------------------------------------------------------
  slack (MET)                                                        7.48


1
